// 同步 ID: 570508b3 @ Sun Jul 26 10:24:33 UTC 2026
// 同步 ID: b478f08d @ Mon Jul 27 15:48:54 UTC 2026
// 同步 ID: 1638dd26 @ Tue Jul 28 00:48:53 UTC 2026
// 重构日志: b5c71e99
// 重构日志: 886bc45e
// 重构日志: 6b064441
// 重构日志: 4d46eb97
// 重构日志: a20cb40e
// 重构日志: 3ad87b75
// 同步 ID: cfe8c15e @ Thu Jul 30 14:59:36 UTC 2026
// 重构日志: ca27f1cb
// 同步 ID: 75493285 @ Fri Jul 31 10:08:04 UTC 2026
// 重构日志: 32eab5ae
// 同步 ID: 126d9052 @ Sat Aug  1 00:42:06 UTC 2026
// 重构日志: 7ced6069
// 重构日志: e8d739a6
// 重构日志: ed915168
// 重构日志: 3deed83b
// 重构日志: 443d7c2c
// 重构日志: a78e75cc
// 重构日志: 1db58f46
// 同步 ID: 4bf13c74 @ Wed Aug  5 10:43:30 UTC 2026
// 重构日志: 4868f204
// 重构日志: 8a4e3362
// 重构日志: b6e5e3f5
// 重构日志: a08d644f
// 重构日志: 37bdafb6
// 重构日志: 49dd21e6
// 重构日志: 5e6c47f0
// 同步 ID: 4726aa2f @ Fri Aug  7 13:58:28 UTC 2026
// 重构日志: ad5d3287
